src/app/dashboard/products/page.tsx(478,17): error TS2304: Cannot find name 'toast'.
src/app/dashboard/products/page.tsx(481,13): error TS2304: Cannot find name 'toast'.
src/app/dashboard/settings/page.tsx(181,20): error TS2304: Cannot find name 'PlusCircle'.
src/app/dashboard/settings/page.tsx(217,20): error TS2304: Cannot find name 'PlusCircle'.
